{"level":"info","message":{"method":"GET","status":200,"url":"/users"},"timestamp":"2026-02-19T06:14:20.659Z"}
{"level":"info","message":{"method":"GET","status":200,"url":"/users"},"timestamp":"2026-02-19T06:14:20.697Z"}
{"level":"info","message":{"method":"GET","status":200,"url":"/products"},"timestamp":"2026-02-19T06:14:20.699Z"}
{"level":"info","message":{"method":"GET","status":200,"url":"/products"},"timestamp":"2026-02-19T06:14:20.713Z"}
{"level":"info","message":{"method":"GET","status":200,"url":"/orders"},"timestamp":"2026-02-19T06:14:20.716Z"}
{"level":"info","message":{"method":"GET","status":200,"url":"/orders"},"timestamp":"2026-02-19T06:14:20.740Z"}
{"level":"info","message":{"method":"POST","status":200,"url":"/products"},"timestamp":"2026-02-19T06:14:49.629Z"}
{"level":"info","message":{"method":"POST","status":200,"url":"/products"},"timestamp":"2026-02-19T06:15:44.128Z"}
{"level":"info","message":{"method":"POST","status":200,"url":"/products"},"timestamp":"2026-02-19T06:16:43.332Z"}
{"level":"error","timestamp":"2026-02-19T06:16:43.346Z"}
{"level":"info","message":{"method":"POST","status":200,"url":"/register"},"timestamp":"2026-02-19T06:20:03.526Z"}
{"level":"info","message":{"method":"POST","status":200,"url":"/login"},"timestamp":"2026-02-19T06:20:22.714Z"}
{"level":"info","message":{"method":"GET","status":200,"url":"/users"},"timestamp":"2026-02-19T06:20:25.905Z"}
{"level":"info","message":{"method":"GET","status":200,"url":"/users"},"timestamp":"2026-02-19T06:20:26.001Z"}
{"level":"info","message":{"method":"GET","status":200,"url":"/products"},"timestamp":"2026-02-19T06:20:26.012Z"}
{"level":"info","message":{"method":"GET","status":200,"url":"/products"},"timestamp":"2026-02-19T06:20:26.028Z"}
{"level":"info","message":{"method":"GET","status":200,"url":"/orders"},"timestamp":"2026-02-19T06:20:26.032Z"}
{"level":"info","message":{"method":"GET","status":200,"url":"/orders"},"timestamp":"2026-02-19T06:20:26.063Z"}
{"level":"info","message":{"method":"POST","status":200,"url":"/products"},"timestamp":"2026-02-19T06:20:48.984Z"}
{"level":"error","timestamp":"2026-02-19T06:20:48.993Z"}
{"level":"info","message":{"method":"POST","status":200,"url":"/products"},"timestamp":"2026-02-19T06:21:08.064Z"}
{"level":"info","message":{"method":"GET","status":200,"url":"/products?page=1&limit=6&search="},"timestamp":"2026-02-19T06:21:09.739Z"}
{"level":"info","message":{"method":"GET","status":200,"url":"/products?page=1&limit=6&search="},"timestamp":"2026-02-19T06:21:09.746Z"}
{"level":"info","message":{"method":"GET","status":200,"url":"/uploads/1770265753521-.jpg"},"timestamp":"2026-02-19T06:21:09.764Z"}
{"level":"info","message":{"method":"GET","status":200,"url":"/uploads/1770286682595-.jpg"},"timestamp":"2026-02-19T06:21:09.766Z"}
{"level":"info","message":{"method":"GET","status":200,"url":"/uploads/1770292948224-.jpg"},"timestamp":"2026-02-19T06:21:09.767Z"}
{"level":"info","message":{"method":"GET","status":200,"url":"/uploads/1770292982643-.jpg"},"timestamp":"2026-02-19T06:21:09.775Z"}
{"level":"info","message":{"method":"GET","status":200,"url":"/uploads/1770294375679-.jpg"},"timestamp":"2026-02-19T06:21:09.779Z"}
{"level":"info","message":{"method":"GET","status":200,"url":"/uploads/1770377018825-.jpg"},"timestamp":"2026-02-19T06:21:09.785Z"}
{"level":"info","message":{"method":"GET","status":200,"url":"/products?page=2&limit=6&search="},"timestamp":"2026-02-19T06:21:13.877Z"}
{"level":"info","message":{"method":"GET","status":200,"url":"/uploads/1770728718609-.jpg"},"timestamp":"2026-02-19T06:21:13.894Z"}
{"level":"info","message":{"method":"GET","status":200,"url":"/uploads/1770728765362-.jpg"},"timestamp":"2026-02-19T06:21:13.895Z"}
{"level":"info","message":{"method":"GET","status":200,"url":"/uploads/1771224794228-.jpg"},"timestamp":"2026-02-19T06:21:13.896Z"}
{"level":"info","message":{"method":"GET","status":200,"url":"/uploads/1771224823336-.jpg"},"timestamp":"2026-02-19T06:21:13.897Z"}
{"level":"info","message":{"method":"GET","status":200,"url":"/uploads/1771226920578-.jpg"},"timestamp":"2026-02-19T06:21:13.899Z"}
{"level":"info","message":{"method":"GET","status":200,"url":"/uploads/1771226943866-.jpg"},"timestamp":"2026-02-19T06:21:13.901Z"}
{"level":"info","message":{"method":"GET","status":200,"url":"/products?page=3&limit=6&search="},"timestamp":"2026-02-19T06:21:14.364Z"}
{"level":"info","message":{"method":"GET","status":200,"url":"/uploads/1771226966185-.jpg"},"timestamp":"2026-02-19T06:21:14.379Z"}
{"level":"info","message":{"method":"GET","status":200,"url":"/uploads/1771227203090-.jpg"},"timestamp":"2026-02-19T06:21:14.381Z"}
{"level":"info","message":{"method":"GET","status":200,"url":"/uploads/1771227289297-.jpg"},"timestamp":"2026-02-19T06:21:14.382Z"}
{"level":"info","message":{"method":"GET","status":200,"url":"/uploads/1771227364857-.jpg"},"timestamp":"2026-02-19T06:21:14.383Z"}
{"level":"info","message":{"method":"GET","status":200,"url":"/uploads/1771475174550-.jpg"},"timestamp":"2026-02-19T06:21:14.384Z"}
{"level":"info","message":{"method":"GET","status":200,"url":"/uploads/1771476197832-.jpg"},"timestamp":"2026-02-19T06:21:14.385Z"}
{"level":"info","message":{"method":"GET","status":200,"url":"/products?page=4&limit=6&search="},"timestamp":"2026-02-19T06:21:14.846Z"}
{"level":"info","message":{"method":"GET","status":200,"url":"/uploads/1771476605070-.jpg"},"timestamp":"2026-02-19T06:21:14.864Z"}
{"level":"info","message":{"method":"GET","status":200,"url":"/uploads/1771478869472-.jpg"},"timestamp":"2026-02-19T06:21:14.865Z"}
{"level":"info","message":{"method":"GET","status":200,"url":"/uploads/1771479142294-.jpg"},"timestamp":"2026-02-19T06:21:14.866Z"}
{"level":"info","message":{"method":"GET","status":200,"url":"/uploads/1771482068066-.jpg"},"timestamp":"2026-02-19T06:21:14.866Z"}
{"level":"info","message":{"method":"GET","status":200,"url":"/uploads/1771479385009-.jpg"},"timestamp":"2026-02-19T06:21:14.867Z"}
{"level":"info","message":{"method":"GET","status":200,"url":"/uploads/1771479456409-.jpg"},"timestamp":"2026-02-19T06:21:14.867Z"}
{"level":"info","message":{"method":"POST","status":200,"url":"/orders"},"timestamp":"2026-02-19T06:21:47.384Z"}
